// Jest Snapshot v1, https://goo.gl/fbAQLP

exports[`Nav renders correctly 1`] = `
<div
  className="navbar"
>
  <h1>
    Sushi Go
  </h1>
</div>
`;
